src/app/pages/seeker/my-jobs/my-jobs.page.ts(13,28): error TS2307: Cannot find module 'src/app/services/api.service' or its corresponding type declarations.
src/app/pages/seeker/my-jobs/my-jobs.page.ts(14,41): error TS2307: Cannot find module 'src/app/components/job-detail-modal/job-detail-modal.component' or its corresponding type declarations.
src/app/pages/seeker/my-jobs/my-jobs.page.ts(15,36): error TS2307: Cannot find module 'src/app/services/favorite-job.service' or its corresponding type declarations.
src/app/pages/seeker/my-jobs/my-jobs.page.ts(16,30): error TS2307: Cannot find module 'src/app/services/toast.service' or its corresponding type declarations.
src/app/pages/seeker/my-jobs/my-jobs.page.ts(17,40): error TS2307: Cannot find module 'src/app/components/apply-job-modal/apply-job-modal.component' or its corresponding type declarations.
src/app/pages/seeker/my-jobs/my-jobs.page.ts(22,47): error TS2307: Cannot find module 'src/app/components/job-detail-individuals/job-detail-individuals.component' or its corresponding type declarations.
src/app/pages/seeker/my-jobs/my-jobs.page.ts(23,29): error TS2307: Cannot find module 'src/environments/environment' or its corresponding type declarations.
src/app/pages/seeker/my-jobs/my-jobs.page.ts(24,33): error TS2307: Cannot find module 'src/app/layout/header/header.component' or its corresponding type declarations.
src/app/pages/seeker/my-jobs/my-jobs.page.ts(25,29): error TS2307: Cannot find module 'src/app/services/user.service' or its corresponding type declarations.
src/app/pages/seeker/my-jobs/my-jobs.page.ts(30,8): error TS2307: Cannot find module 'src/app/services/application-quick-realtime.service' or its corresponding type declarations.
src/app/pages/seeker/my-jobs/my-jobs.page.ts(32,45): error TS2307: Cannot find module 'src/app/services/realtime-notification.service' or its corresponding type declarations.
src/app/pages/seeker/my-jobs/my-jobs.page.ts(33,44): error TS2307: Cannot find module 'src/app/services/global-approval-modal.service' or its corresponding type declarations.
src/app/pages/seeker/my-jobs/my-jobs.page.ts(35,34): error TS2307: Cannot find module 'src/app/services/menu-event.service' or its corresponding type declarations.
src/app/pages/seeker/my-jobs/my-jobs.page.ts(36,24): error TS2307: Cannot find module 'src/app/config/constants' or its corresponding type declarations.
src/app/pages/seeker/my-jobs/my-jobs.page.ts(37,38): error TS2307: Cannot find module 'src/app/components/report-modal/report-modal.component' or its corresponding type declarations.
src/app/pages/seeker/my-jobs/my-jobs.page.ts(41,8): error TS2307: Cannot find module 'src/app/components/success-modal/success-modal.component' or its corresponding type declarations.
src/app/pages/seeker/my-jobs/my-jobs.page.ts(42,43): error TS2307: Cannot find module 'src/app/components/jobquickly/job-quickly-detail/job-quickly-detail.component' or its corresponding type declarations.
src/app/pages/seeker/my-jobs/my-jobs.page.ts(43,36): error TS2307: Cannot find module 'src/app/services/job-distance.service' or its corresponding type declarations.
src/app/pages/seeker/my-jobs/my-jobs.page.ts(44,33): error TS2307: Cannot find module 'src/app/services/location.service' or its corresponding type declarations.
src/app/pages/seeker/my-jobs/my-jobs.page.ts(5035,25): error TS2802: Type 'MapIterator<{ job: any; applications: JobApplication[]; }>' can only be iterated through when using the '--downlevelIteration' flag or with a '--target' of 'es2015' or higher.
